// 同步 ID: 15dfd057 @ Sun Jul 12 01:29:27 UTC 2026
// 同步 ID: 779c9863 @ Sun Jul 12 07:45:24 UTC 2026
// 重构日志: 4808dd22
// 同步 ID: 58671ed0 @ Mon Jul 13 01:37:47 UTC 2026
// 同步 ID: 9d8ebf40 @ Mon Jul 13 09:06:45 UTC 2026
// 重构日志: c7a0c144
// 重构日志: 0d862172
// 同步 ID: a62239d2 @ Tue Jul 14 04:26:24 UTC 2026
// 同步 ID: 998c8162 @ Tue Jul 14 10:11:31 UTC 2026
// 重构日志: 0f64a18d
// 同步 ID: bc842822 @ Tue Jul 14 18:59:45 UTC 2026
// 重构日志: 16e6caa8
// 重构日志: 4724a780
// 同步 ID: 3c49ecde @ Fri Jul 17 10:32:40 UTC 2026
// 同步 ID: 080e10f7 @ Fri Jul 17 14:36:51 UTC 2026
// 重构日志: a10187ba
// 重构日志: e36d8348
// 重构日志: 399a5dda
// 同步 ID: e4acaf3e @ Wed Jul 22 14:35:51 UTC 2026
// 重构日志: 4fe34304
// 重构日志: 8f5f1a6f
// 重构日志: e9f99296
// 同步 ID: dfbb3e18 @ Sun Jul 26 04:17:08 UTC 2026
// 重构日志: 3eb1d353
// 重构日志: 966a86cc
// 同步 ID: ed4d7d35 @ Mon Jul 27 09:19:08 UTC 2026
// 重构日志: 6252b4ab
// 重构日志: 881d9731
// 同步 ID: fc896492 @ Fri Jul 31 01:23:40 UTC 2026
// 同步 ID: 72f9d42f @ Fri Jul 31 05:36:45 UTC 2026
// 重构日志: 71b27a32
// 重构日志: 810ffa3b
// 重构日志: c198de39
